// Jest Snapshot v1, https://goo.gl/fbAQLP

exports[`should render AuthForm 1`] = `
"<form action=\\"#\\" class=\\"authForm\\">
  <div class=\\"authForm__fieldGroup\\"><label class=\\"input__label input__label_hasLabel\\">
      <div class=\\"input__fieldWrapper\\"><span class=\\"input__labelText\\">Your Name</span><input type=\\"text\\" class=\\"authForm__field input input_type_text\\" name=\\"name\\" placeholder=\\"Naruto Uzumaki\\" value=\\"Naruto\\"></div>
    </label></div>
  <div class=\\"authForm__fieldGroup\\">
    <fieldset class=\\"colorSelector\\"><label class=\\"colorSelector__label\\" style=\\"width: 25%;\\"><input type=\\"radio\\" class=\\"colorSelector__input\\" name=\\"color\\" value=\\"#ffd04e\\"><span class=\\"colorSelector__colorSquare\\" style=\\"background-color: rgb(255, 208, 78); height: 62.5px;\\"></span></label><label class=\\"colorSelector__label\\" style=\\"width: 25%;\\"><input type=\\"radio\\" class=\\"colorSelector__input\\" name=\\"color\\" value=\\"#ec7380\\"><span class=\\"colorSelector__colorSquare\\" style=\\"background-color: rgb(236, 115, 128); height: 62.5px;\\"></span></label><label class=\\"colorSelector__label\\" style=\\"width: 25%;\\"><input type=\\"radio\\" class=\\"colorSelector__input\\" name=\\"color\\" value=\\"#77dd77\\"><span class=\\"colorSelector__colorSquare\\" style=\\"background-color: rgb(119, 221, 119); height: 62.5px;\\"></span></label><label class=\\"colorSelector__label\\" style=\\"width: 25%;\\"><input type=\\"radio\\" class=\\"colorSelector__input\\" name=\\"color\\" value=\\"#50bade\\"><span class=\\"colorSelector__colorSquare\\" style=\\"background-color: rgb(80, 186, 222); height: 62.5px;\\"></span></label><label class=\\"colorSelector__label\\" style=\\"width: 25%;\\"><input type=\\"radio\\" class=\\"colorSelector__input\\" name=\\"color\\" value=\\"#ffe5b4\\"><span class=\\"colorSelector__colorSquare\\" style=\\"background-color: rgb(255, 229, 180); height: 62.5px;\\"></span></label><label class=\\"colorSelector__label\\" style=\\"width: 25%;\\"><input type=\\"radio\\" class=\\"colorSelector__input\\" name=\\"color\\" value=\\"#d191f9\\"><span class=\\"colorSelector__colorSquare\\" style=\\"background-color: rgb(209, 145, 249); height: 62.5px;\\"></span></label><label class=\\"colorSelector__label\\" style=\\"width: 25%;\\"><input type=\\"radio\\" class=\\"colorSelector__input\\" name=\\"color\\" value=\\"#3a9ff1\\"><span class=\\"colorSelector__colorSquare\\" style=\\"background-color: rgb(58, 159, 241); height: 62.5px;\\"></span></label><label class=\\"colorSelector__label\\" style=\\"width: 25%;\\"><input type=\\"radio\\" class=\\"colorSelector__input\\" name=\\"color\\" value=\\"#ffc2ce\\"><span class=\\"colorSelector__colorSquare\\" style=\\"background-color: rgb(255, 194, 206); height: 62.5px;\\"></span></label></fieldset>
  </div>
  <div class=\\"authForm__fieldGroup\\"><button class=\\"button button_color_primary\\" type=\\"submit\\">Sign In</button></div>
</form>"
`;
