// Jest Snapshot v1, https://goo.gl/fbAQLP

exports[`should render SelectColor 1`] = `"<fieldset class=\\"colorSelector\\"><label class=\\"colorSelector__label\\" style=\\"width: 25%;\\"><input type=\\"radio\\" class=\\"colorSelector__input\\" name=\\"color\\" value=\\"#ffd04e\\" checked=\\"\\"><span class=\\"colorSelector__colorSquare\\" style=\\"background-color: rgb(255, 208, 78); height: 50px;\\"></span></label><label class=\\"colorSelector__label\\" style=\\"width: 25%;\\"><input type=\\"radio\\" class=\\"colorSelector__input\\" name=\\"color\\" value=\\"#ec7380\\"><span class=\\"colorSelector__colorSquare\\" style=\\"background-color: rgb(236, 115, 128); height: 50px;\\"></span></label><label class=\\"colorSelector__label\\" style=\\"width: 25%;\\"><input type=\\"radio\\" class=\\"colorSelector__input\\" name=\\"color\\" value=\\"#77dd77\\"><span class=\\"colorSelector__colorSquare\\" style=\\"background-color: rgb(119, 221, 119); height: 50px;\\"></span></label><label class=\\"colorSelector__label\\" style=\\"width: 25%;\\"><input type=\\"radio\\" class=\\"colorSelector__input\\" name=\\"color\\" value=\\"#50bade\\"><span class=\\"colorSelector__colorSquare\\" style=\\"background-color: rgb(80, 186, 222); height: 50px;\\"></span></label><label class=\\"colorSelector__label\\" style=\\"width: 25%;\\"><input type=\\"radio\\" class=\\"colorSelector__input\\" name=\\"color\\" value=\\"#ffe5b4\\"><span class=\\"colorSelector__colorSquare\\" style=\\"background-color: rgb(255, 229, 180); height: 50px;\\"></span></label><label class=\\"colorSelector__label\\" style=\\"width: 25%;\\"><input type=\\"radio\\" class=\\"colorSelector__input\\" name=\\"color\\" value=\\"#d191f9\\"><span class=\\"colorSelector__colorSquare\\" style=\\"background-color: rgb(209, 145, 249); height: 50px;\\"></span></label><label class=\\"colorSelector__label\\" style=\\"width: 25%;\\"><input type=\\"radio\\" class=\\"colorSelector__input\\" name=\\"color\\" value=\\"#3a9ff1\\"><span class=\\"colorSelector__colorSquare\\" style=\\"background-color: rgb(58, 159, 241); height: 50px;\\"></span></label><label class=\\"colorSelector__label\\" style=\\"width: 25%;\\"><input type=\\"radio\\" class=\\"colorSelector__input\\" name=\\"color\\" value=\\"#ffc2ce\\"><span class=\\"colorSelector__colorSquare\\" style=\\"background-color: rgb(255, 194, 206); height: 50px;\\"></span></label></fieldset>"`;
