// Jest Snapshot v1, https://goo.gl/fbAQLP

exports[`should render MenuItem 1`] = `"<li class=\\"menu__item\\" role=\\"menuitem\\">Item Text</li>"`;
