// Jest Snapshot v1, https://goo.gl/fbAQLP

exports[`should render ChatForm 1`] = `"<form action=\\"#\\" class=\\"chatForm\\"><textarea name=\\"text\\" placeholder=\\"What's new ?\\"></textarea><button type=\\"submit\\" class=\\"chatForm__submit\\"></button></form>"`;
